17:59:52 contract 0xB4162264cB70FdC774951a236ED3d18a32ccb680 phase full
17:59:52 phase cases
17:59:52   propose:TA12: propose_agreement as r12
18:00:33     FINALIZED/SUCCESS votes agree,agree,agree,agree,agree
18:00:40   accept:TA12: accept_agreement as translator
18:01:19     FINALIZED/SUCCESS votes agree,idle,idle,agree,agree
18:01:19   propose:TA13: propose_agreement as r13
18:01:58     FINALIZED/SUCCESS votes agree,agree,idle,agree,idle
18:02:04   accept:TA13: accept_agreement as translator
18:02:43     FINALIZED/SUCCESS votes idle,agree,agree,idle,agree
18:02:43   deliver:TA13: deliver_translation as translator
18:03:25     FINALIZED/SUCCESS votes agree,idle,idle,agree,agree
18:03:25   propose:TA01: propose_agreement as r01
18:04:05     FINALIZED/SUCCESS votes agree,idle,agree,idle,agree
18:04:11   accept:TA01: accept_agreement as translator
18:04:51     FINALIZED/SUCCESS votes agree,idle,idle,agree,agree
18:04:51   deliver:TA01: deliver_translation as translator
18:05:35     FINALIZED/SUCCESS votes agree,idle,agree,agree,idle
18:05:35   assess:TA01: assess as keeper
18:06:32     FINALIZED/SUCCESS votes agree,idle,agree,agree,idle
18:06:34     TA01: PRESERVED/MEANING_PRESERVED HELD
18:06:34   contest:TA01: contest as r01
18:07:30     FINALIZED/SUCCESS votes agree,idle,agree,agree,idle
18:07:32     TA01:contest: PRESERVED/MEANING_PRESERVED HELD
18:07:32   propose:TA02: propose_agreement as r02
18:08:11     FINALIZED/SUCCESS votes agree,agree,idle,idle,agree
18:08:19   accept:TA02: accept_agreement as translator
18:09:00     FINALIZED/SUCCESS votes agree,idle,agree,idle,agree
18:09:00   deliver:TA02: deliver_translation as translator
18:09:44     FINALIZED/SUCCESS votes agree,agree,agree,agree,agree
18:09:44   assess:TA02: assess as keeper
18:10:39     FINALIZED/SUCCESS votes agree,agree,idle,agree,idle
18:10:41     TA02: PARTIALLY_PRESERVED/MINOR_DEVIATIONS HELD
18:10:41   propose:TA03: propose_agreement as r03
18:11:20     FINALIZED/SUCCESS votes agree,agree,agree,agree,agree
18:11:27   accept:TA03: accept_agreement as translator
18:12:11     FINALIZED/SUCCESS votes idle,idle,agree,agree,agree
18:12:11   deliver:TA03: deliver_translation as translator
18:12:51     FINALIZED/SUCCESS votes agree,agree,agree,agree,agree
18:12:51   assess:TA03: assess as keeper
18:13:42     FINALIZED/SUCCESS votes agree,idle,agree,idle,agree
18:13:44     TA03: NOT_PRESERVED/MATERIAL_OMISSION HELD
18:13:44   propose:TA04: propose_agreement as r04
18:14:24     FINALIZED/SUCCESS votes agree,agree,agree,idle,agree
18:14:31   accept:TA04: accept_agreement as translator
18:15:10     FINALIZED/SUCCESS votes agree,agree,idle,agree,idle
18:15:10   deliver:TA04: deliver_translation as translator
18:15:51     FINALIZED/SUCCESS votes idle,agree,idle,agree,agree
18:15:51   assess:TA04: assess as keeper
18:16:49     FINALIZED/SUCCESS votes agree,idle,agree,idle,agree
18:16:51     TA04: NOT_PRESERVED/MATERIAL_DISTORTION HELD
18:16:51   propose:TA05: propose_agreement as r05
18:17:30     FINALIZED/SUCCESS votes agree,agree,idle,idle,agree
18:17:37   accept:TA05: accept_agreement as translator
18:18:16     FINALIZED/SUCCESS votes agree,agree,agree,agree,agree
18:18:16   deliver:TA05: deliver_translation as translator
18:18:57     FINALIZED/SUCCESS votes agree,agree,agree,agree,agree
18:18:57   assess:TA05: assess as keeper
18:20:33     FINALIZED/SUCCESS votes idle,agree,idle,agree,agree
18:20:35     TA05: NOT_PRESERVED/MATERIAL_ADDITION HELD
18:20:35   propose:TA06: propose_agreement as r06
18:21:20     FINALIZED/SUCCESS votes agree,idle,agree,agree,idle
18:21:27   accept:TA06: accept_agreement as translator
18:22:13     FINALIZED/SUCCESS votes agree,agree,idle,idle,agree
18:22:13   deliver:TA06: deliver_translation as translator
18:22:58     FINALIZED/SUCCESS votes agree,agree,agree,agree,agree
18:22:58   assess:TA06: assess as keeper
18:23:53     FINALIZED/SUCCESS votes agree,agree,idle,agree,idle
18:23:55     TA06: NOT_PRESERVED/REQUIREMENT_NOT_MET HELD
18:23:55   propose:TA07: propose_agreement as r07
18:24:41     FINALIZED/SUCCESS votes idle,agree,agree,agree,idle
18:24:47   accept:TA07: accept_agreement as translator
18:25:26     FINALIZED/SUCCESS votes idle,agree,agree,agree,agree
18:25:26   deliver:TA07: deliver_translation as translator
    rpc transient on eth_getTransactionByHash (1/8): eth_getTransactionByHash returned invalid JSON: Expecting value: line 1 column 1 (char 0).; retry in 5s
18:26:12     FINALIZED/SUCCESS votes agree,agree,idle,idle,agree
18:26:12   assess:TA07: assess as keeper
18:26:51     FINALIZED/SUCCESS votes agree,idle,agree,agree,agree
18:26:53     TA07: NOT_PRESERVED/CRITICAL_TERM_MISSING HELD
18:26:53   propose:TA08: propose_agreement as r08
    rpc transient on eth_getTransactionByHash (1/8): Request to https://studio.genlayer.com/api failed: HTTPSConnectionPool(host='studio.genlay; retry in 5s
18:27:32     FINALIZED/SUCCESS votes agree,agree,agree,agree,agree
18:27:38   accept:TA08: accept_agreement as translator
18:28:17     FINALIZED/SUCCESS votes agree,agree,idle,agree,idle
18:28:17   deliver:TA08: deliver_translation as translator
18:28:59     FINALIZED/SUCCESS votes idle,agree,agree,agree,idle
18:28:59   assess:TA08: assess as keeper
18:29:43     FINALIZED/SUCCESS votes agree,agree,agree,idle,idle
18:29:45     TA08: NOT_PRESERVED/NUMBER_NOT_PRESERVED HELD
18:29:45   propose:TA09: propose_agreement as r09
18:30:26     FINALIZED/SUCCESS votes agree,agree,agree,agree,agree
18:30:33   accept:TA09: accept_agreement as translator
18:31:12     FINALIZED/SUCCESS votes idle,agree,agree,agree,idle
18:31:12   deliver:TA09: deliver_translation as translator
18:31:57     FINALIZED/SUCCESS votes agree,agree,agree,idle,idle
18:31:57   assess:TA09: assess as keeper
18:32:43     FINALIZED/SUCCESS votes agree,agree,idle,idle,agree
18:32:45     TA09: INSUFFICIENT_EVIDENCE/DOCUMENT_ADDRESSES_ASSESSOR HELD
18:32:45   propose:TA10: propose_agreement as r10
18:33:29     FINALIZED/SUCCESS votes idle,idle,agree,agree,agree
18:33:36   accept:TA10: accept_agreement as translator
18:34:15     FINALIZED/SUCCESS votes idle,idle,agree,agree,agree
18:34:15   deliver:TA10: deliver_translation as translator
18:34:54     FINALIZED/SUCCESS votes idle,agree,agree,idle,agree
18:34:54   assess:TA10: assess as keeper
18:35:37     FINALIZED/SUCCESS votes idle,agree,agree,idle,agree
18:35:39     TA10: INSUFFICIENT_EVIDENCE/EVIDENCE_DIGEST_MISMATCH HELD
18:35:39   propose:TA11: propose_agreement as r11
18:36:20     FINALIZED/SUCCESS votes agree,agree,idle,agree,idle
18:36:27   accept:TA11: accept_agreement as translator
18:37:11     FINALIZED/SUCCESS votes agree,agree,agree,agree,agree
18:37:11   deliver:TA11: deliver_translation as translator
18:37:50     FINALIZED/SUCCESS votes idle,idle,agree,agree,agree
18:37:50   assess:TA11: assess as keeper
18:38:34     FINALIZED/SUCCESS votes agree,agree,idle,agree,idle
18:38:36     TA11: INSUFFICIENT_EVIDENCE/DOCUMENT_UNREADABLE HELD
18:38:36   propose:TA14: propose_agreement as r14
18:39:21     FINALIZED/SUCCESS votes agree,agree,agree,agree,agree
18:39:26   decline:TA14: decline_agreement as translator
18:40:11     FINALIZED/SUCCESS votes idle,agree,agree,idle,agree
18:40:13     TA14: NONE/DECLINED HELD
18:40:13   propose:TA15: propose_agreement as r15
18:40:52     FINALIZED/SUCCESS votes agree,agree,idle,idle,agree
18:40:57   cancel:TA15: cancel_agreement as r15
18:41:36     FINALIZED/SUCCESS votes idle,agree,agree,agree,idle
18:41:38     TA15: NONE/CANCELLED HELD
18:41:38 phase settle
18:41:39   finalize:TA01: finalize as keeper
18:42:24     FINALIZED/SUCCESS votes idle,agree,idle,agree,agree
18:42:26     TA01 consumer view: preserved=True partial=False HELD
18:42:27   finalize:TA02: finalize as keeper
18:43:11     FINALIZED/SUCCESS votes agree,agree,idle,idle,agree
18:43:13     TA02 consumer view: preserved=False partial=True HELD
18:43:14   finalize:TA03: finalize as keeper
18:43:53     FINALIZED/SUCCESS votes agree,idle,agree,agree,agree
18:43:55     TA03 consumer view: preserved=False partial=False HELD
18:43:57   expire:TA12: expire_agreement as keeper
18:44:35     FINALIZED/SUCCESS votes idle,agree,idle,agree,agree
18:44:37     TA12: NONE/EXPIRED HELD
18:44:38   lapse:TA13: lapse_agreement as keeper
18:45:17     FINALIZED/SUCCESS votes agree,agree,agree,agree,agree
18:45:19     TA13: NONE/LAPSED HELD
18:45:20   stats: {"agreements": 34, "preserved": 3, "resolutions": 26}
18:45:20 phase refusals
18:45:20   refuse:self_as_translator: expecting a refusal of propose_agreement
18:45:59     refused
18:45:59   refuse:same_language: expecting a refusal of propose_agreement
18:47:20     refused
18:47:20   propose:REFUSALS: propose_agreement as stranger
18:47:58     FINALIZED/SUCCESS votes idle,agree,agree,idle,agree
18:48:05   refuse:stranger_accepts: expecting a refusal of accept_agreement
18:48:43     refused
18:48:43   refuse:wrong_terms_hash: expecting a refusal of accept_agreement
    rpc transient on eth_sendRawTransaction (1/8): Request to https://studio.genlayer.com/api failed: HTTPSConnectionPool(host='studio.genlay; retry in 5s
18:49:28     refused
18:49:29   accept:REFUSALS: accept_agreement as translator
18:50:07     FINALIZED/SUCCESS votes idle,idle,agree,agree,agree
18:50:07   refuse:outside_domains: expecting a refusal of deliver_translation
18:50:46     refused
18:50:46   refuse:source_as_translation: expecting a refusal of deliver_translation
18:51:25     refused
18:51:25   refuse:stranger_delivers: expecting a refusal of deliver_translation
18:52:03     refused
18:52:03   refuse:accepted_cancel: expecting a refusal of cancel_agreement
18:52:42     refused
18:52:42   refuse:double_assessment: expecting a refusal of assess
18:53:21     refused
18:53:21   refuse:stranger_contest: expecting a refusal of contest
18:54:00     refused
18:54:00   refuse:final_contest: expecting a refusal of contest
    rpc transient on eth_sendRawTransaction (1/8): Request to https://studio.genlayer.com/api failed: HTTPSConnectionPool(host='studio.genlay; retry in 5s
18:54:43     refused
18:54:43 summary {"steps": 72, "transactions": 72, "outcomes_checked": 19, "outcomes_held": 19, "missed": [], "refusals": 11, "refusals_held": 11}
